keptByKeepRule
keptByKeepRule$lambda$5
main
mainShape
mainShape$lambda$2